// Jest Snapshot v1, https://goo.gl/fbAQLP

exports[`renders correctly 1`] = `
<View
  style={
    Object {
      "alignItems": "center",
      "flex": 1,
      "flexDirection": "row",
      "padding": "3%",
    }
  }
>
  <View
    style={
      Array [
        Object {
          "alignItems": "center",
          "bottom": 0,
          "justifyContent": "center",
          "left": 0,
          "position": "absolute",
          "right": 0,
          "top": 0,
          "zIndex": 1000,
        },
        Object {
          "height": 0,
          "left": 0,
          "top": -10000,
          "width": 0,
        },
        null,
      ]
    }
  >
    <View
      pointerEvents="none"
      style={
        Object {
          "backgroundColor": "#000",
          "bottom": 0,
          "left": 0,
          "opacity": 0,
          "position": "absolute",
          "right": 0,
          "top": 0,
        }
      }
    >
      <View
        accessible={true}
        isTVSelectable={true}
        onResponderGrant={[Function]}
        onResponderMove={[Function]}
        onResponderRelease={[Function]}
        onResponderTerminate={[Function]}
        onResponderTerminationRequest={[Function]}
        onStartShouldSetResponder={[Function]}
        style={
          Object {
            "bottom": 0,
            "left": 0,
            "opacity": 1,
            "position": "absolute",
            "right": 0,
            "top": 0,
          }
        }
      />
    </View>
    <View
      style={
        Object {
          "backgroundColor": "#ffffff",
          "borderRadius": 8,
          "height": 300,
          "opacity": 0,
          "width": 750,
        }
      }
    >
      <View
        style={
          Array [
            Object {
              "borderTopLeftRadius": 8,
              "borderTopRightRadius": 8,
              "padding": 24,
            },
            Object {
              "alignItems": "center",
            },
            Object {
              "backgroundColor": "#F9F9FB",
              "borderBottomWidth": 0.5,
              "borderColor": "#DAD9DC",
              "padding": 14,
            },
            undefined,
          ]
        }
      >
        <Text
          accessible={true}
          allowFontScaling={true}
          ellipsizeMode="tail"
          style={
            Array [
              Object {
                "color": "#7F7D89",
                "fontSize": 16,
              },
              undefined,
            ]
          }
        />
      </View>
    </View>
  </View>
</View>
`;

exports[`renders shallow correctly 1`] = `
<Component
  style={
    Object {
      "alignItems": "center",
      "flex": 1,
      "flexDirection": "row",
      "padding": "3%",
    }
  }
>
  <ListViewMock
    enableEmptySections={true}
    renderRow={[Function]}
    renderScrollComponent={[MockFunction]}
    renderSeparator={[Function]}
  />
  <PopupDialog
    dialogTitle={
      <DialogTitle
        hasTitleBar={true}
        title={null}
        titleAlign="center"
      />
    }
  >
    <DisplayContact
      contact={
        Object {
          "address": null,
          "name": null,
          "phoneNumber": null,
        }
      }
    />
  </PopupDialog>
</Component>
`;
